chr1	55	T	C	0.8156	snp	16.1017	C:65:34:65:34:1	T:13:6:13:6:1
chr1	483	T	C	0.5142	snp	23.6111	C:34:21:34:21:1	T:8:9:8:9:1
chr1	573	T	C	0.5073	snp	13.7405	C:66:47:66:47:1	T:12:6:12:6:1
chr1	660	C	T	0.2772	snp	44.2724	T:109:71:109:71:1	C:78:65:78:65:1
chr1	999	T	C	0.9182	snp	12.8478	C:527:538:527:538:1	T:80:77:80:77:1
chr1	1117	A	G	0.838	snp	15.0547	G:449:482:449:482:1	A:84:81:84:81:1
chr1	1293	T	C	0.09971	snp	17.2697	C:258:245:258:245:1	T:63:42:63:42:1
chr2	8766	T	C	0.6568	snp	8.33333	C:132:99:132:100:1	T:13:8:13:8:1
chr2	8808	T	C	0.1318	snp	16.8421	C:130:107:130:107:1	T:32:16:32:16:1
chr2	9123	T	C	0.6938	snp	14.5161	C:150:168:150:168:1	T:24:30:24:30:1
chr2	9151	T	C	0.4294	snp	15	C:142:147:142:149:1	T:22:29:22:29:1
chr2	9272	G	A	0.2018	snp	17.5214	A:82:111:82:111:1	G:28:13:29:13:1
chr2	9687	T	C	0.7036	snp	11.8182	C:67:127:67:127:1	T:8:18:8:18:1
chr2	9912	T	C	0.1715	snp	24.8744	C:104:195:104:195:1	T:42:57:42:57:1
chr2	9960	C	T	0.3394	snp	11.9481	T:120:219:120:219:1	C:13:33:13:33:1
