chr1	55	T	C	0.8156	snp	16.1017	C:65:34:45:21:11:8:9:5:0.425	T:13:6:10:6:2:0:1:0:0.425
chr1	483	T	C	0.5142	snp	23.6111	C:34:21:24:11:5:5:5:5:0.9192	T:8:9:5:7:1:1:2:1:0.9192
chr1	573	T	C	0.5073	snp	13.7405	C:66:47:50:29:12:10:4:8:0.1632	T:12:6:6:3:3:2:3:1:0.1632
chr1	660	C	T	0.2772	snp	44.2724	T:109:71:79:43:18:14:12:14:0.6371	C:78:65:55:48:13:11:10:6:0.6371
chr1	999	T	C	0.9182	snp	12.8478	C:527:538:349:356:81:97:97:85:0.3398	T:80:77:60:52:10:15:10:10:0.3398
chr1	1117	A	G	0.838	snp	15.0547	G:449:482:304:327:64:81:81:74:0.7364	A:84:81:57:50:13:14:14:17:0.7364
chr1	1293	T	C	0.09971	snp	17.2697	C:258:245:183:172:32:37:43:36:0.3501	T:63:42:42:29:10:10:11:3:0.3501
chr2	8766	T	C	0.6568	snp	8.33333	C:132:99:96:67:15:15:21:18:0.5642	T:13:8:8:5:3:1:2:2:0.5642
chr2	8808	T	C	0.1318	snp	16.8421	C:130:107:93:74:15:17:22:16:0.7091	T:32:16:22:10:6:0:4:6:0.7091
chr2	9123	T	C	0.6938	snp	14.5161	C:150:168:100:113:25:21:25:34:0.7732	T:24:30:18:21:3:4:3:5:0.7732
chr2	9151	T	C	0.4294	snp	15	C:142:147:98:100:20:18:24:31:0.801	T:22:29:15:20:4:4:3:5:0.801
chr2	9272	G	A	0.2018	snp	17.5214	A:82:111:53:75:14:12:15:24:0.8461	G:28:13:22:5:3:4:4:4:0.8461
chr2	9687	T	C	0.7036	snp	11.8182	C:67:127:43:85:14:19:10:23:0.9523	T:8:18:6:11:1:4:1:3:0.9523
chr2	9912	T	C	0.1715	snp	24.8744	C:104:195:74:123:18:34:12:38:0.9697	T:42:57:27:39:7:9:8:9:0.9697
chr2	9960	C	T	0.3394	snp	11.9481	T:120:219:80:144:22:32:18:43:0.5227	C:13:33:8:22:2:8:3:3:0.5227
