chr1	55	T	C	0.8156	snp	16.1017	C:65:34:45:21:20:13:0.176	T:13:6:10:6:3:0:0.176
chr1	483	T	C	0.5142	snp	23.6111	C:34:21:24:11:10:10:0.7725	T:8:9:5:7:3:2:0.7725
chr1	573	T	C	0.5073	snp	13.7405	C:66:47:50:29:16:18:0.1098	T:12:6:6:3:6:3:0.1098
chr1	660	C	T	0.2772	snp	44.2724	T:109:71:79:43:30:28:0.4651	C:78:65:55:48:23:17:0.4651
chr1	999	T	C	0.9182	snp	12.8478	C:527:538:349:356:178:182:0.2376	T:80:77:60:52:20:25:0.2376
chr1	1117	A	G	0.838	snp	15.0547	G:449:482:304:327:145:155:0.4719	A:84:81:57:50:27:31:0.4719
chr1	1293	T	C	0.09971	snp	17.2697	C:258:245:183:172:75:73:0.5592	T:63:42:42:29:21:13:0.5592
chr2	8766	T	C	0.6568	snp	8.33333	C:132:99:96:67:36:33:0.4608	T:13:8:8:5:5:3:0.4608
chr2	8808	T	C	0.1318	snp	16.8421	C:130:107:93:74:37:33:0.6079	T:32:16:22:10:10:6:0.6079
chr2	9123	T	C	0.6938	snp	14.5161	C:150:168:100:113:50:55:0.5297	T:24:30:18:21:6:9:0.5297
chr2	9151	T	C	0.4294	snp	15	C:142:147:98:100:44:49:1	T:22:29:15:20:7:9:1
chr2	9272	G	A	0.2018	snp	17.5214	A:82:111:53:75:29:36:0.8579	G:28:13:22:5:7:8:0.8579
chr2	9687	T	C	0.7036	snp	11.8182	C:67:127:43:85:24:42:1	T:8:18:6:11:2:7:1
chr2	9912	T	C	0.1715	snp	24.8744	C:104:195:74:123:30:72:1	T:42:57:27:39:15:18:1
chr2	9960	C	T	0.3394	snp	11.9481	T:120:219:80:144:40:75:1	C:13:33:8:22:5:11:1
