Seed-stock-137_S2_L001_001	6911	IA	d	0.1453	lp	5.04492	d:1059:315:1132:328:1	IA:56:10:56:10:1	IAA:6:0:6:0:1	IAAA:1:0:1:0:1
Seed-stock-137_S2_L001_001	13181	D1	i	0.3567	lp	5.71688	i:879:160:939:166:1	D1:56:7:56:7:1
